// Vitest Snapshot v1, https://vitest.dev/guide/snapshot.html

exports[`<Dropdown /> > renders correctly 1`] = `
<div>
  <div
    class="!pointer-events-none invisible opacity-0 [&_*]:!pointer-events-none fixed left-0 top-0 z-[3000] rounded-box border-2 border-base-200 bg-base-100 shadow transition-opacity duration-200"
  >
    foo
  </div>
</div>
`;
