// Vitest Snapshot v1, https://vitest.dev/guide/snapshot.html

exports[`<Pagination /> > renders correctly 1`] = `
<div>
  <div
    class="flex flex-row items-center flex-nowrap gap-2"
  >
    <button
      class="btn btn-square"
      type="button"
    >
      
      
      <div>
        left
      </div>
      
    </button>
    <button
      class="btn btn-square btn-primary btn-active"
      type="button"
    >
      
      
      1
      
    </button>
    <button
      class="btn btn-outline btn-square"
      type="button"
    >
      
      
      2
      
    </button>
    <button
      class="btn btn-outline btn-square"
      type="button"
    >
      
      
      3
      
    </button>
    <button
      class="btn btn-outline btn-square"
      type="button"
    >
      
      
      4
      
    </button>
    <button
      class="btn btn-outline btn-square"
      type="button"
    >
      
      
      5
      
    </button>
    <button
      class="btn btn-square pointer-events-none border-none bg-transparent outline-none"
      type="button"
    >
      
      
      <div>
        dots
      </div>
      
    </button>
    <button
      class="btn btn-outline btn-square"
      type="button"
    >
      
      
      24
      
    </button>
    <button
      class="btn btn-square"
      type="button"
    >
      
      
      <div>
        right
      </div>
      
    </button>
  </div>
</div>
`;
