// Vitest Snapshot v1, https://vitest.dev/guide/snapshot.html

exports[`<Radio /> > renders correctly 1`] = `
<div>
  <div
    class="flex flex-col gap-0"
  >
    <div
      class="flex flex-row items-center gap-4"
    >
      <label
        class="label cursor-pointer gap-3"
      >
        <input
          class="radio"
          type="radio"
        />
        <span
          class="label-text"
        >
          what's up
        </span>
      </label>
    </div>
  </div>
</div>
`;
